
Memory Configuration

Name             Origin             Length             Attributes
*default*        0x00000000         0xffffffff

Linker script and memory map

LOAD build/main.o
LOAD build/GameBoard.o
LOAD build/jtag.o
LOAD build/framebuffer.o
LOAD build/Objects.o
LOAD build/Controller.o
LOAD build/moving.o
LOAD build/drawing.o
LOAD build/gameControls.o

.init           0x00008000        0x4
 *(.init)
 .init          0x00008000        0x4 build/main.o
                0x00008000                _start

.data           0x00009080     0xb9dc
 *(.data)
 .data          0x00009080        0x0 build/main.o
 .data          0x00009080      0x960 build/GameBoard.o
                0x00009080                GameState1
                0x00009260                GameState1Copy
                0x00009440                GameState2Copy
                0x00009620                GameState3Copy
                0x00009800                BlackScreen
 .data          0x000099e0        0x0 build/jtag.o
 .data          0x000099e0       0x70 build/framebuffer.o
                0x00009a40                FrameBufferPointer
 .data          0x00009a50     0xb000 build/Objects.o
                0x00009a50                Empty
                0x0000a250                WallBlock
                0x0000aa50                GroundBrick
                0x0000b250                QuestionBlock
                0x0000ba50                Coin
                0x0000c250                Mushroom
                0x0000ca50                FloatingBrick
                0x0000d250                EmptyBlock
                0x0000da50                FireFlower
                0x0000e250                Goomba
                0x0000ea50                KoopaShell
                0x0000f250                Koopa
                0x0000fa50                Mario
                0x00010250                MarioJumping
                0x00010a50                SuperMarioHead
                0x00011250                SuperMarioLegs
                0x00011a50                SuperMarioHeadJump
                0x00012250                SuperMarioLegsJump
                0x00012a50                PipeBodySide
                0x00013250                PipeLeft
                0x00013a50                PipeUp
                0x00014250                PipeBodyUp
 .data          0x00014a50        0x0 build/Controller.o
 .data          0x00014a50        0x6 build/moving.o
                0x00014a50                MarioPos
                0x00014a54                OldCellValue
                0x00014a55                CurrentGameState
 .data          0x00014a56        0x2 build/drawing.o
 .data          0x00014a58        0x4 build/gameControls.o
 *.c.o(*)

.igot.plt       0x00014a5c        0x0
 .igot.plt      0x00000000        0x0 build/main.o

.text           0x00014a60      0x520
 *.c.o(.text)
 *(.text)
 .text          0x00014a60       0x2c build/main.o
                0x00014a80                startGame
 *fill*         0x00014a8c        0x4 3f3f3f3f
 .text          0x00014a90      0x160 build/GameBoard.o
                0x00014a90                GameReset
                0x00014ab8                DrawGameScreen
                0x00014bc8                ClearScreen
 .text          0x00014bf0       0x8c build/jtag.o
                0x00014bf0                EnableJTAG
 .text          0x00014c7c       0x80 build/framebuffer.o
                0x00014c7c                InitFrameBuffer
 .text          0x00014cfc        0x0 build/Objects.o
 .text          0x00014cfc      0x160 build/Controller.o
                0x00014cfc                Init_GPIO
                0x00014dc4                wait
                0x00014de4                read_SNES
 .text          0x00014e5c       0x5c build/moving.o
                0x00014e5c                MoveRight
 .text          0x00014eb8       0x8c build/drawing.o
                0x00014eb8                DrawPixel
                0x00014ed8                DrawObject
 .text          0x00014f44       0x3c build/gameControls.o
                0x00014f44                inGameControl
OUTPUT(build/output.elf elf32-littlearm)

.glue_7         0x00014f80        0x0
 .glue_7        0x00000000        0x0 linker stubs

.glue_7t        0x00014f80        0x0
 .glue_7t       0x00000000        0x0 linker stubs

.vfp11_veneer   0x00014f80        0x0
 .vfp11_veneer  0x00000000        0x0 linker stubs

.v4_bx          0x00014f80        0x0
 .v4_bx         0x00000000        0x0 linker stubs

.iplt           0x00014f80        0x0
 .iplt          0x00000000        0x0 build/main.o

.rel.dyn        0x00014f80        0x0
 .rel.iplt      0x00000000        0x0 build/main.o

.bss            0x00014f80        0x0
 .bss           0x00014f80        0x0 build/main.o
 .bss           0x00014f80        0x0 build/GameBoard.o
 .bss           0x00014f80        0x0 build/jtag.o
 .bss           0x00014f80        0x0 build/framebuffer.o
 .bss           0x00014f80        0x0 build/Objects.o
 .bss           0x00014f80        0x0 build/Controller.o
 .bss           0x00014f80        0x0 build/moving.o
 .bss           0x00014f80        0x0 build/drawing.o
 .bss           0x00014f80        0x0 build/gameControls.o

.ARM.attributes
                0x00000000       0x29
 .ARM.attributes
                0x00000000       0x29 build/main.o
 .ARM.attributes
                0x00000029       0x29 build/GameBoard.o
 .ARM.attributes
                0x00000052       0x29 build/jtag.o
 .ARM.attributes
                0x0000007b       0x29 build/framebuffer.o
 .ARM.attributes
                0x000000a4       0x29 build/Objects.o
 .ARM.attributes
                0x000000cd       0x29 build/Controller.o
 .ARM.attributes
                0x000000f6       0x29 build/moving.o
 .ARM.attributes
                0x0000011f       0x29 build/drawing.o
 .ARM.attributes
                0x00000148       0x29 build/gameControls.o

.debug_line     0x00000000      0x37e
 .debug_line    0x00000000       0x58 build/main.o
 .debug_line    0x00000058       0xa5 build/GameBoard.o
 .debug_line    0x000000fd       0x61 build/jtag.o
 .debug_line    0x0000015e       0x67 build/framebuffer.o
 .debug_line    0x000001c5       0xa0 build/Controller.o
 .debug_line    0x00000265       0x59 build/moving.o
 .debug_line    0x000002be       0x6b build/drawing.o
 .debug_line    0x00000329       0x55 build/gameControls.o

.debug_info     0x00000000      0x2f3
 .debug_info    0x00000000       0x57 build/main.o
 .debug_info    0x00000057       0x60 build/GameBoard.o
 .debug_info    0x000000b7       0x5b build/jtag.o
 .debug_info    0x00000112       0x62 build/framebuffer.o
 .debug_info    0x00000174       0x61 build/Controller.o
 .debug_info    0x000001d5       0x5d build/moving.o
 .debug_info    0x00000232       0x5e build/drawing.o
 .debug_info    0x00000290       0x63 build/gameControls.o

.debug_abbrev   0x00000000       0x9e
 .debug_abbrev  0x00000000       0x12 build/main.o
 .debug_abbrev  0x00000012       0x14 build/GameBoard.o
 .debug_abbrev  0x00000026       0x14 build/jtag.o
 .debug_abbrev  0x0000003a       0x14 build/framebuffer.o
 .debug_abbrev  0x0000004e       0x14 build/Controller.o
 .debug_abbrev  0x00000062       0x14 build/moving.o
 .debug_abbrev  0x00000076       0x14 build/drawing.o
 .debug_abbrev  0x0000008a       0x14 build/gameControls.o

.debug_aranges  0x00000000      0x108
 .debug_aranges
                0x00000000       0x28 build/main.o
 .debug_aranges
                0x00000028       0x20 build/GameBoard.o
 .debug_aranges
                0x00000048       0x20 build/jtag.o
 .debug_aranges
                0x00000068       0x20 build/framebuffer.o
 .debug_aranges
                0x00000088       0x20 build/Controller.o
 .debug_aranges
                0x000000a8       0x20 build/moving.o
 .debug_aranges
                0x000000c8       0x20 build/drawing.o
 .debug_aranges
                0x000000e8       0x20 build/gameControls.o

.debug_ranges   0x00000000       0x20
 .debug_ranges  0x00000000       0x20 build/main.o
